------------------------------------------------------------
Timing Analyzer Summary
------------------------------------------------------------

Type  : Slow 1100mV 85C Model Setup 'CLOCK_50_B6A'
Slack : -0.195
TNS   : -0.659

Type  : Slow 1100mV 85C Model Hold 'CLOCK_50_B6A'
Slack : 0.450
TNS   : 0.000

Type  : Slow 1100mV 85C Model Minimum Pulse Width 'CLOCK_50_B6A'
Slack : -0.538
TNS   : -3.106

Type  : Slow 1100mV 0C Model Setup 'CLOCK_50_B6A'
Slack : -0.222
TNS   : -0.592

Type  : Slow 1100mV 0C Model Hold 'CLOCK_50_B6A'
Slack : 0.446
TNS   : 0.000

Type  : Slow 1100mV 0C Model Minimum Pulse Width 'CLOCK_50_B6A'
Slack : -0.538
TNS   : -3.100

Type  : Fast 1100mV 85C Model Setup 'CLOCK_50_B6A'
Slack : 0.329
TNS   : 0.000

Type  : Fast 1100mV 85C Model Hold 'CLOCK_50_B6A'
Slack : 0.182
TNS   : 0.000

Type  : Fast 1100mV 85C Model Minimum Pulse Width 'CLOCK_50_B6A'
Slack : -0.369
TNS   : -2.005

Type  : Fast 1100mV 0C Model Setup 'CLOCK_50_B6A'
Slack : 0.384
TNS   : 0.000

Type  : Fast 1100mV 0C Model Hold 'CLOCK_50_B6A'
Slack : 0.172
TNS   : 0.000

Type  : Fast 1100mV 0C Model Minimum Pulse Width 'CLOCK_50_B6A'
Slack : -0.412
TNS   : -2.530

------------------------------------------------------------
